// Jest Snapshot v1, https://goo.gl/fbAQLP

exports[`renders correctly 1`] = `
<RNCSafeAreaProvider
  onInsetsChange={[Function]}
  style={
    Array [
      Object {
        "flex": 1,
      },
      undefined,
    ]
  }
>
  <View
    style={
      Object {
        "backgroundColor": "#f1f1f1",
        "flex": 1,
      }
    }
  >
    <LinearGradient
      angle={45}
      colors={
        Array [
          "#21094E",
          "#511281",
          "#7952B3",
        ]
      }
      style={
        Object {
          "alignItems": "center",
          "flexDirection": "row",
          "height": 44,
          "justifyContent": "center",
          "paddingTop": null,
          "width": 750,
        }
      }
      useAngle={true}
    >
      <Text
        style={
          Object {
            "color": "#fff",
            "fontSize": 20,
            "fontWeight": "bold",
          }
        }
      >
        
      </Text>
      <View
        accessible={true}
        collapsable={false}
        focusable={true}
        nativeID="animatedComponent"
        onClick={[Function]}
        onResponderGrant={[Function]}
        onResponderMove={[Function]}
        onResponderRelease={[Function]}
        onResponderTerminate={[Function]}
        onResponderTerminationRequest={[Function]}
        onStartShouldSetResponder={[Function]}
        style={
          Object {
            "alignItems": "center",
            "height": 44,
            "justifyContent": "center",
            "left": 10,
            "opacity": 1,
            "paddingTop": 22,
            "position": "absolute",
            "width": 44,
          }
        }
      >
        <Icon
          color="#fff"
          name="chevron-left"
          size={24}
        />
      </View>
    </LinearGradient>
    <Text
      style={
        Object {
          "color": "#000",
          "fontSize": 16,
          "marginHorizontal": 10,
          "marginVertical": 15,
          "textAlign": "left",
        }
      }
    />
    <Text
      style={
        Object {
          "color": "#000",
          "fontSize": 24,
          "fontWeight": "bold",
          "marginHorizontal": 10,
        }
      }
    >
      $undefined
    </Text>
  </View>
</RNCSafeAreaProvider>
`;
